// Jest Snapshot v1, https://goo.gl/fbAQLP

exports[`AppContainer rendering initial state is rendered heathy state 1`] = `null`;
