// Jest Snapshot v1, https://goo.gl/fbAQLP

exports[`CallToAction rendering initial state is rendered 1`] = `
<div
  className="sc-bdVaJa kZuZoP"
>
  <h2
    className="foobar sc-bwzfXH gPMGtq"
  >
    Want it faster? 
  </h2>
  <p>
    This product is available for pick up at the
     
    <a
      href="www.testurl.com"
      rel="noopener noreferrer"
      target="_blank"
    >
      Best Buy in 
      Richfeild, MN
      .
    </a>
     
    Order now and pick it up in 1 hour.Â 
  </p>
  <p>
    Price: 
    <b>
      $
      1234
    </b>
  </p>
</div>
`;
