// Jest Snapshot v1, https://goo.gl/fbAQLP

exports[`CloseButton rendering initial state is rendered 1`] = `
<div
  className="sc-bdVaJa jZTfEh"
  id="bby-close"
  onClick={[Function]}
>
  <div
    className="sc-bwzfXH ljmoGr"
  >
    Ã—
  </div>
</div>
`;
