// Jest Snapshot v1, https://goo.gl/fbAQLP

exports[`ZeroState rendering initial state is rendered 1`] = `
<div
  className="sc-bdVaJa khUSez"
>
  <p>
    Im sorry! Please try again.
  </p>
</div>
`;
